// Jest Snapshot v1, https://goo.gl/fbAQLP

exports[`should render Select Currency  component  with default props and redux store 1`] = `ShallowWrapper {}`;
