// Jest Snapshot v1, https://goo.gl/fbAQLP

exports[`should render Favourite List  component  with default props and redux store 1`] = `ShallowWrapper {}`;
